[debug] [2026-07-23T10:46:31.884Z] ----------------------------------------------------------------------
[debug] [2026-07-23T10:46:31.886Z] Command:       C:\Program Files\nodejs\node.exe C:\Users\Christopher\AppData\Roaming\npm\node_modules\firebase-tools\lib\bin\firebase.js init
[debug] [2026-07-23T10:46:31.887Z] CLI Version:   15.24.0
[debug] [2026-07-23T10:46:31.887Z] Platform:      win32
[debug] [2026-07-23T10:46:31.887Z] Node Version:  v24.12.0
[debug] [2026-07-23T10:46:31.887Z] Detected Agent: unknown
[debug] [2026-07-23T10:46:31.887Z] Time:          Thu Jul 23 2026 18:46:31 GMT+0800 (Singapore Standard Time)
[debug] [2026-07-23T10:46:31.887Z] ----------------------------------------------------------------------
[debug] 
[debug] [2026-07-23T10:46:31.902Z] >>> [apiv2][query] GET https://firebase-public.firebaseio.com/cli.json [none]
[info] 
     ######## #### ########  ######## ########     ###     ######  ########
     ##        ##  ##     ## ##       ##     ##  ##   ##  ##       ##
     ######    ##  ########  ######   ########  #########  ######  ######
     ##        ##  ##    ##  ##       ##     ## ##     ##       ## ##
     ##       #### ##     ## ######## ########  ##     ##  ######  ########

You're about to initialize a Firebase project in this directory:

  C:\Users\Christopher\Documents\GitHub\Portfolio

[debug] [2026-07-23T10:46:38.869Z] <<< [apiv2][status] GET https://firebase-public.firebaseio.com/cli.json 200
[debug] [2026-07-23T10:46:38.869Z] <<< [apiv2][body] GET https://firebase-public.firebaseio.com/cli.json {"cloudBuildErrorAfter":1594252800000,"cloudBuildWarnAfter":1590019200000,"defaultNode10After":1594252800000,"minVersion":"3.0.5","node8DeploysDisabledAfter":1613390400000,"node8RuntimeDisabledAfter":1615809600000,"node8WarnAfter":1600128000000}
[debug] [2026-07-23T10:47:13.495Z] ExitPromptError: User force closed the prompt with SIGINT
    at Interface.sigint (C:\Users\Christopher\AppData\Roaming\npm\node_modules\firebase-tools\node_modules\@inquirer\core\dist\commonjs\lib\create-prompt.js:101:37)
    at Interface.emit (node:events:508:28)
    at [_ttyWrite] [as _ttyWrite] (node:internal/readline/interface:1327:18)
    at ReadStream.onkeypress (node:internal/readline/interface:284:20)
    at ReadStream.emit (node:events:520:35)
    at emitKeys (node:internal/readline/utils:371:14)
    at emitKeys.next (<anonymous>)
    at ReadStream.onData (node:internal/readline/emitKeypressEvents:64:36)
    at ReadStream.emit (node:events:508:28)
    at addChunk (node:internal/streams/readable:559:12)
[error] 
[error] Error: An unexpected error has occurred.
